// Vitest Snapshot v1, https://vitest.dev/guide/snapshot.html

exports[`BlockCode > Should be a dash when no json is passed 1`] = `
<div
  class="whitespace-pre font-mono"
  data-testid="my-code"
>
  -
</div>
`;
