// Vitest Snapshot v1, https://vitest.dev/guide/snapshot.html

exports[`Steps > Should be rendered 1`] = `
<div>
  <ul
    class="flex justify-between text-xs w-full items-center rounded h-2 mb-8 bg-gradient-to-r from-gray-100 from-50% to-primary to-50% bg-[length:200%]"
  >
    <li
      class="relative text-gray-300 font-semibold"
    >
      <div
        class="w-6 h-6 rounded-full flex justify-center items-center bg-gray-100"
      />
      <div
        class="absolute whitespace-nowrap mt-1 translate-x-0"
      >
        Step 1
      </div>
    </li>
    <li
      class="relative text-gray-300 font-semibold"
    >
      <div
        class="w-6 h-6 rounded-full flex justify-center items-center bg-gray-100"
      />
      <div
        class="absolute whitespace-nowrap mt-1 translate-x-[calc(-50%+12px)]"
      >
        Step 2
      </div>
    </li>
    <li
      class="relative text-gray-300 font-semibold"
    >
      <div
        class="w-6 h-6 rounded-full flex justify-center items-center bg-gray-100"
      />
      <div
        class="absolute whitespace-nowrap mt-1 right-0"
      >
        Step 3
      </div>
    </li>
  </ul>
</div>
`;
