// Vitest Snapshot v1, https://vitest.dev/guide/snapshot.html

exports[`RuleEngine > renders empty without any error 1`] = `
<div>
  <div
    class="h-full [&>div:first-of-type]:h-full"
  >
    <div
      class=""
    >
      <section
        class="flex h-full"
      >
        <div
          class="shrink-0 basis-3/5 overflow-x-auto relative flex flex-col grow"
        >
          <header
            class="w-full bg-white border-b border-gray-200 px-4 flex text-[13px] gap-4 text-gray-400 font-semibold items-center"
          >
            <div
              class="flex items-center flex-wrap basis-full"
            >
              <div
                class="min-h-[49px] flex items-center"
              >
                <button
                  class="mx-4 rounded whitespace-nowrap leading-5 inline-block text-center transition-opacity duration-500 px-5 py-[11px] p-1! text-sm button font-semibold bg-white text-black hover:opacity-80 hover:bg-gray-50 rounded-full"
                >
                  <svg
                    class="shrink-0"
                    fill="currentColor"
                    height="16"
                    viewBox="0 0 256 256"
                    width="16"
                    xmlns="http://www.w3.org/2000/svg"
                  >
                    <path
                      d="M224,128a8,8,0,0,1-8,8H136v80a8,8,0,0,1-16,0V136H40a8,8,0,0,1,0-16h80V40a8,8,0,0,1,16,0v80h80A8,8,0,0,1,224,128Z"
                    />
                  </svg>
                </button>
              </div>
            </div>
            <div
              class="grow flex justify-end"
            >
              <button
                class="rounded whitespace-nowrap leading-5 inline-block text-center transition-opacity duration-500 px-5 py-[11px] p-1! text-sm button font-semibold bg-white text-black hover:opacity-80 hover:bg-gray-50 rounded-full"
              >
                <svg
                  fill="currentColor"
                  height="16"
                  viewBox="0 0 256 256"
                  width="16"
                  xmlns="http://www.w3.org/2000/svg"
                >
                  <path
                    d="M216,40H40A16,16,0,0,0,24,56V200a16,16,0,0,0,16,16H216a16,16,0,0,0,16-16V56A16,16,0,0,0,216,40ZM40,56H80V200H40ZM216,200H96V56H216V200Z"
                  />
                </svg>
              </button>
            </div>
          </header>
          <div
            class="h-full w-full bg-gray-50 p-8 bg-[radial-gradient(#d6d6d6_1px,transparent_1px)] bg-size-[16px_16px] overflow-auto"
          >
            <div
              class="max-w-[900px] mx-auto"
            />
          </div>
        </div>
      </section>
    </div>
    <div
      class="col-span-2"
    />
  </div>
</div>
`;
