// Vitest Snapshot v1

exports[`BlockCode > Should be a dash when no json is passed 1`] = `
<div
  class="whitespace-pre font-mono"
  data-test-id="my-code"
>
  -
</div>
`;
